// Jest Snapshot v1, https://goo.gl/fbAQLP

exports[`token Cache should return refresh token 1`] = `null`;
